node.exe : [baseline-browser-mapping] The data in this module is over two months old.  To ensure accurate Baseline 
data, please update: `npm i baseline-browser-mapping@latest -D`
At line:1 char:1
+ & "C:\Program Files\nodejs/node.exe" "C:\Program Files\nodejs/node_mo ...
+ ~~~~~~~~~~~~~~~~~~~~~~~~~~~~~~~~~~~~~~~~~~~~~~~~~~~~~~~~~~~~~~~~~~~~~
    + CategoryInfo          : NotSpecified: ([baseline-brows...ping@latest -D`:String) [], RemoteException
    + FullyQualifiedErrorId : NativeCommandError
 
[2m14:46:50[22m [34m[content][39m Syncing content
[2m14:46:50[22m [34m[content][39m Synced content
[2m14:46:50[22m [34m[types][39m Generated [2m6.07s[22m
[2m14:46:50[22m [34m[build][39m output: [34m"static"[39m
[2m14:46:50[22m [34m[build][39m mode: [34m"static"[39m
[2m14:46:50[22m [34m[build][39m directory: [34mC:\Users\dakoenig\Documents\dev\private\frickeldave.github.io.kubernetes\dist\[39m
[2m14:46:50[22m [34m[build][39m Collecting build info...
[2m14:46:50[22m [34m[build][39m [32mΓ£ô Completed in 7.29s.[39m
[2m14:46:50[22m [34m[build][39m Building static entrypoints...
[2m14:47:54[22m [34m[vite][39m [32mΓ£ô built in 1m 4s[39m
[2m14:47:54[22m [34m[build][39m [32mΓ£ô Completed in 64.04s.[39m

[42m[30m building client (vite) [39m[49m
[2m14:47:55[22m [34m[vite][39m transforming...
[2m14:48:42[22m [34m[vite][39m [32mΓ£ô[39m 2025 modules transformed.
[2m14:48:44[22m [34m[vite][39m rendering chunks...
[2m14:48:46[22m [34m[vite][39m computing gzip size...
[2m14:48:47[22m [34m[vite][39m [2mdist/[22m[35m_astro/index.CCFQLFkR.css                                                  [39m[1m[2m  6.37 kB[22m[1m[22m[2m Γöé gzip:   2.84 kB[22m
[2m14:48:47[22m [34m[vite][39m [2mdist/[22m[35m_astro/index.BNFzCrpf.css                                                  [39m[1m[2m  6.82 kB[22m[1m[22m[2m Γöé gzip:   1.31 kB[22m
[2m14:48:47[22m [34m[vite][39m [2mdist/[22m[36m_astro/page.CtpI7X2x.js                                                    [39m[1m[2m  0.04 kB[22m[1m[22m[2m Γöé gzip:   0.06 kB[22m
[2m14:48:47[22m [34m[vite][39m [2mdist/[22m[36m_astro/clone.BAVr3SqZ.js                                                   [39m[1m[2m  0.10 kB[22m[1m[22m[2m Γöé gzip:   0.11 kB[22m
[2m14:48:47[22m [34m[vite][39m [2mdist/[22m[36m_astro/RedirectLink.astro_astro_type_script_index_0_lang.c8dUgY45.js       [39m[1m[2m  0.11 kB[22m[1m[22m[2m Γöé gzip:   0.12 kB[22m
[2m14:48:47[22m [34m[vite][39m [2mdist/[22m[36m_astro/init.Gi6I4Gst.js                                                    [39m[1m[2m  0.15 kB[22m[1m[22m[2m Γöé gzip:   0.13 kB[22m
[2m14:48:47[22m [34m[vite][39m [2mdist/[22m[36m_astro/channel.DGgnKuzI.js                                                 [39m[1m[2m  0.15 kB[22m[1m[22m[2m Γöé gzip:   0.15 kB[22m
[2m14:48:47[22m [34m[vite][39m [2mdist/[22m[36m_astro/chunk-QZHKN3VN.B5buZd9i.js                                          [39m[1m[2m  0.23 kB[22m[1m[22m[2m Γöé gzip:   0.19 kB[22m
[2m14:48:47[22m [34m[vite][39m [2mdist/[22m[36m_astro/chunk-4BX2VUAB.B5U4Cd65.js                                          [39m[1m[2m  0.26 kB[22m[1m[22m[2m Γöé gzip:   0.20 kB[22m
[2m14:48:47[22m [34m[vite][39m [2mdist/[22m[36m_astro/chunk-55IACEB6.T5x8XiEt.js                                          [39m[1m[2m  0.27 kB[22m[1m[22m[2m Γöé gzip:   0.23 kB[22m
[2m14:48:47[22m [34m[vite][39m [2mdist/[22m[36m_astro/chunk-FMBD7UC4.C9naTl3S.js                                          [39m[1m[2m  0.40 kB[22m[1m[22m[2m Γöé gzip:   0.30 kB[22m
[2m14:48:47[22m [34m[vite][39m [2mdist/[22m[36m_astro/stateDiagram-v2-4FDKWEC3.n_ZvFJI3.js                                [39m[1m[2m  0.44 kB[22m[1m[22m[2m Γöé gzip:   0.32 kB[22m
[2m14:48:47[22m [34m[vite][39m [2mdist/[22m[36m_astro/classDiagram-2ON5EDUG.i56SNP90.js                                   [39m[1m[2m  0.48 kB[22m[1m[22m[2m Γöé gzip:   0.33 kB[22m
[2m14:48:47[22m [34m[vite][39m [2mdist/[22m[36m_astro/classDiagram-v2-WZHVMYZB.i56SNP90.js                                [39m[1m[2m  0.48 kB[22m[1m[22m[2m Γöé gzip:   0.33 kB[22m
[2m14:48:47[22m [34m[vite][39m [2mdist/[22m[36m_astro/chunk-QN33PNHL.DuOqERpb.js                                          [39m[1m[2m  0.54 kB[22m[1m[22m[2m Γöé gzip:   0.38 kB[22m
[2m14:48:47[22m [34m[vite][39m [2mdist/[22m[36m_astro/_commonjsHelpers.gnU0ypJ3.js                                        [39m[1m[2m  0.61 kB[22m[1m[22m[2m Γöé gzip:   0.33 kB[22m
[2m14:48:47[22m [34m[vite][39m [2mdist/[22m[36m_astro/infoDiagram-HS3SLOUP.D8tYngah.js                                    [39m[1m[2m  0.74 kB[22m[1m[22m[2m Γöé gzip:   0.49 kB[22m
[2m14:48:47[22m [34m[vite][39m [2mdist/[22m[36m_astro/jsx-runtime.DtK_NGcS.js                                             [39m[1m[2m  1.00 kB[22m[1m[22m[2m Γöé gzip:   0.62 kB[22m
[2m14:48:47[22m [34m[vite][39m [2mdist/[22m[36m_astro/clientRedirectService.WBbULcAQ.js                                   [39m[1m[2m  1.18 kB[22m[1m[22m[2m Γöé gzip:   0.61 kB[22m
[2m14:48:47[22m [34m[vite][39m [2mdist/[22m[36m_astro/ordinal.BYWQX77i.js                                                 [39m[1m[2m  1.19 kB[22m[1m[22m[2m Γöé gzip:   0.57 kB[22m
[2m14:48:47[22m [34m[vite][39m [2mdist/[22m[36m_astro/chunk-TZMSLE5B.BDJ7BcMX.js                                          [39m[1m[2m  1.47 kB[22m[1m[22m[2m Γöé gzip:   0.66 kB[22m
[2m14:48:47[22m [34m[vite][39m [2mdist/[22m[36m_astro/client.8tNz9uKG.js                                                  [39m[1m[2m  1.91 kB[22m[1m[22m[2m Γöé gzip:   0.95 kB[22m
[2m14:48:47[22m [34m[vite][39m [2mdist/[22m[36m_astro/PodcastPlayer.Cs-wUEZr.js                                           [39m[1m[2m  1.98 kB[22m[1m[22m[2m Γöé gzip:   0.97 kB[22m
[2m14:48:47[22m [34m[vite][39m [2mdist/[22m[36m_astro/NewsCarousel.DQyVyVnv.js                                            [39m[1m[2m  2.23 kB[22m[1m[22m[2m Γöé gzip:   1.00 kB[22m
[2m14:48:47[22m [34m[vite][39m [2mdist/[22m[36m_astro/index.LDXZBrwO.js                                                   [39m[1m[2m  2.30 kB[22m[1m[22m[2m Γöé gzip:   1.04 kB[22m
[2m14:48:47[22m [34m[vite][39m [2mdist/[22m[36m_astro/TabPostsList.B3obX2jO.js                                            [39m[1m[2m  2.40 kB[22m[1m[22m[2m Γöé gzip:   0.98 kB[22m
[2m14:48:47[22m [34m[vite][39m [2mdist/[22m[36m_astro/Swiper.C16pQc_W.js                                                  [39m[1m[2m  2.56 kB[22m[1m[22m[2m Γöé gzip:   1.03 kB[22m
[2m14:48:47[22m [34m[vite][39m [2mdist/[22m[36m_astro/_basePickBy.BG4yXEnq.js                                             [39m[1m[2m  2.62 kB[22m[1m[22m[2m Γöé gzip:   1.31 kB[22m
[2m14:48:47[22m [34m[vite][39m [2mdist/[22m[36m_astro/HandmadeCarousel.DVSwmmBq.js                                        [39m[1m[2m  2.74 kB[22m[1m[22m[2m Γöé gzip:   1.11 kB[22m
[2m14:48:47[22m [34m[vite][39m [2mdist/[22m[36m_astro/HandmadeGrid.DMBXVAnb.js                                            [39m[1m[2m  3.00 kB[22m[1m[22m[2m Γöé gzip:   1.31 kB[22m
[2m14:48:47[22m [34m[vite][39m [2mdist/[22m[36m_astro/PublicationsGrid.CH2rG_cS.js                                        [39m[1m[2m  3.28 kB[22m[1m[22m[2m Γöé gzip:   1.30 kB[22m
[2m14:48:47[22m [34m[vite][39m [2mdist/[22m[36m_astro/arc.Cxhh6qso.js                                                     [39m[1m[2m  3.46 kB[22m[1m[22m[2m Γöé gzip:   1.50 kB[22m
[2m14:48:47[22m [34m[vite][39m [2mdist/[22m[36m_astro/redirect-info.astro_astro_type_script_index_0_lang.CL18ZE4r.js      [39m[1m[2m  3.63 kB[22m[1m[22m[2m Γöé gzip:   1.57 kB[22m
[2m14:48:47[22m [34m[vite][39m [2mdist/[22m[36m_astro/redirect-info-new.astro_astro_type_script_index_0_lang.KknXMQIP.js  [39m[1m[2m  3.82 kB[22m[1m[22m[2m Γöé gzip:   1.64 kB[22m
[2m14:48:47[22m [34m[vite][39m [2mdist/[22m[36m_astro/diagram-S2PKOQOG.NXFnt1sV.js                                        [39m[1m[2m  4.35 kB[22m[1m[22m[2m Γöé gzip:   1.92 kB[22m
[2m14:48:47[22m [34m[vite][39m [2mdist/[22m[36m_astro/defaultLocale.DX6XiGOO.js                                           [39m[1m[2m  4.69 kB[22m[1m[22m[2m Γöé gzip:   2.18 kB[22m
[2m14:48:47[22m [34m[vite][39m [2mdist/[22m[36m_astro/pieDiagram-ADFJNKIX.By2uqd5i.js                                     [39m[1m[2m  5.29 kB[22m[1m[22m[2m Γöé gzip:   2.36 kB[22m
[2m14:48:47[22m [34m[vite][39m [2mdist/[22m[36m_astro/linear.DecMSm1-.js                                                  [39m[1m[2m  5.70 kB[22m[1m[22m[2m Γöé gzip:   2.34 kB[22m
[2m14:48:47[22m [34m[vite][39m [2mdist/[22m[36m_astro/graph.CKKUnUWJ.js                                                   [39m[1m[2m  5.96 kB[22m[1m[22m[2m Γöé gzip:   1.89 kB[22m
[2m14:48:47[22m [34m[vite][39m [2mdist/[22m[36m_astro/diagram-QEK2KX5R.DRaOtAKt.js                                        [39m[1m[2m  5.96 kB[22m[1m[22m[2m Γöé gzip:   2.53 kB[22m
[2m14:48:47[22m [34m[vite][39m [2mdist/[22m[36m_astro/index.C0PbZYII.js                                                   [39m[1m[2m  6.89 kB[22m[1m[22m[2m Γöé gzip:   2.78 kB[22m
[2m14:48:47[22m [34m[vite][39m [2mdist/[22m[36m_astro/handmade.astro_astro_type_script_index_0_lang.DEdCapdS.js           [39m[1m[2m  7.58 kB[22m[1m[22m[2m Γöé gzip:   1.72 kB[22m
[2m14:48:47[22m [34m[vite][39m [2mdist/[22m[36m_astro/index.aZiA8CIV.js                                                   [39m[1m[2m  8.20 kB[22m[1m[22m[2m Γöé gzip:   3.16 kB[22m
[2m14:48:47[22m [34m[vite][39m [2mdist/[22m[36m_astro/stateDiagram-FKZM4ZOC.CZUtvASH.js                                   [39m[1m[2m 10.44 kB[22m[1m[22m[2m Γöé gzip:   3.67 kB[22m
[2m14:48:47[22m [34m[vite][39m [2mdist/[22m[36m_astro/dagre-6UL2VRFP.QVxCtlC7.js                                          [39m[1m[2m 11.05 kB[22m[1m[22m[2m Γöé gzip:   4.13 kB[22m
[2m14:48:47[22m [34m[vite][39m [2mdist/[22m[36m_astro/_baseUniq.B_71eSc4.js                                               [39m[1m[2m 11.93 kB[22m[1m[22m[2m Γöé gzip:   4.67 kB[22m
[2m14:48:47[22m [34m[vite][39m [2mdist/[22m[36m_astro/ClientRouter.astro_astro_type_script_index_0_lang.DmZtTH59.js       [39m[1m[2m 13.11 kB[22m[1m[22m[2m Γöé gzip:   4.54 kB[22m
[2m14:48:47[22m [34m[vite][39m [2mdist/[22m[36m_astro/diagram-PSM6KHXK.CoIvlqrt.js                                        [39m[1m[2m 15.92 kB[22m[1m[22m[2m Γöé gzip:   5.71 kB[22m
[2m14:48:47[22m [34m[vite][39m [2mdist/[22m[36m_astro/autoplay.xyi8rEuU.js                                                [39m[1m[2m 16.32 kB[22m[1m[22m[2m Γöé gzip:   5.05 kB[22m
[2m14:48:47[22m [34m[vite][39m [2mdist/[22m[36m_astro/kanban-definition-3W4ZIXB7.upPIgXm-.js                              [39m[1m[2m 20.25 kB[22m[1m[22m[2m Γöé gzip:   7.20 kB[22m
[2m14:48:47[22m [34m[vite][39m [2mdist/[22m[36m_astro/mindmap-definition-VGOIOE7T.DkmpdMaC.js                             [39m[1m[2m 20.96 kB[22m[1m[22m[2m Γöé gzip:   7.32 kB[22m
[2m14:48:47[22m [34m[vite][39m [2mdist/[22m[36m_astro/sankeyDiagram-TZEHDZUN.DWGnyUf4.js                                  [39m[1m[2m 22.16 kB[22m[1m[22m[2m Γöé gzip:   8.15 kB[22m
[2m14:48:47[22m [34m[vite][39m [2mdist/[22m[36m_astro/journeyDiagram-XKPGCS4Q.DR25H_Qp.js                                 [39m[1m[2m 23.59 kB[22m[1m[22m[2m Γöé gzip:   8.36 kB[22m
[2m14:48:47[22m [34m[vite][39m [2mdist/[22m[36m_astro/timeline-definition-IT6M3QCI.BqCEEkk2.js                            [39m[1m[2m 23.64 kB[22m[1m[22m[2m Γöé gzip:   8.26 kB[22m
[2m14:48:47[22m [34m[vite][39m [2mdist/[22m[36m_astro/gitGraphDiagram-V2S2FVAM.CVm95Dio.js                                [39m[1m[2m 24.18 kB[22m[1m[22m[2m Γöé gzip:   7.47 kB[22m
[2m14:48:47[22m [34m[vite][39m [2mdist/[22m[36m_astro/erDiagram-Q2GNP2WA.mnw5CR73.js                                      [39m[1m[2m 25.29 kB[22m[1m[22m[2m Γöé gzip:   8.86 kB[22m
[2m14:48:47[22m [34m[vite][39m [2mdist/[22m[36m_astro/layout.DghfcEY3.js                                                  [39m[1m[2m 27.42 kB[22m[1m[22m[2m Γöé gzip:   9.75 kB[22m
[2m14:48:47[22m [34m[vite][39m [2mdist/[22m[36m_astro/requirementDiagram-UZGBJVZJ.CIpJWw9E.js                             [39m[1m[2m 30.13 kB[22m[1m[22m[2m Γöé gzip:   9.45 kB[22m
[2m14:48:47[22m [34m[vite][39m [2mdist/[22m[36m_astro/quadrantDiagram-AYHSOK5B.D6iBPKM8.js                                [39m[1m[2m 33.89 kB[22m[1m[22m[2m Γöé gzip:   9.97 kB[22m
[2m14:48:47[22m [34m[vite][39m [2mdist/[22m[36m_astro/chunk-DI55MBZ5.BLkvUbws.js                                          [39m[1m[2m 36.38 kB[22m[1m[22m[2m Γöé gzip:  11.85 kB[22m
[2m14:48:47[22m [34m[vite][39m [2mdist/[22m[36m_astro/Tooltips.astro_astro_type_script_index_0_lang.Bx2cGmPu.js           [39m[1m[2m 36.43 kB[22m[1m[22m[2m Γöé gzip:  12.89 kB[22m
[2m14:48:47[22m [34m[vite][39m [2mdist/[22m[36m_astro/ScrollArea.DG0e39_6.js                                              [39m[1m[2m 38.22 kB[22m[1m[22m[2m Γöé gzip:  12.58 kB[22m
[2m14:48:47[22m [34m[vite][39m [2mdist/[22m[36m_astro/xychartDiagram-PRI3JC2R.BTurnigH.js                                 [39m[1m[2m 40.23 kB[22m[1m[22m[2m Γöé gzip:  11.38 kB[22m
[2m14:48:47[22m [34m[vite][39m [2mdist/[22m[36m_astro/chunk-B4BG7PRW.DBG8AuRQ.js                                          [39m[1m[2m 45.35 kB[22m[1m[22m[2m Γöé gzip:  14.71 kB[22m
[2m14:48:47[22m [34m[vite][39m [2mdist/[22m[36m_astro/Search.Cs4JphXG.js                                                  [39m[1m[2m 58.48 kB[22m[1m[22m[2m Γöé gzip:  18.83 kB[22m
[2m14:48:47[22m [34m[vite][39m [2mdist/[22m[36m_astro/flowDiagram-NV44I4VS.CUj6mUmd.js                                    [39m[1m[2m 60.50 kB[22m[1m[22m[2m Γöé gzip:  19.45 kB[22m
[2m14:48:47[22m [34m[vite][39m [2mdist/[22m[36m_astro/ganttDiagram-JELNMOA3.B_i9w0Q5.js                                   [39m[1m[2m 68.36 kB[22m[1m[22m[2m Γöé gzip:  23.18 kB[22m
[2m14:48:47[22m [34m[vite][39m [2mdist/[22m[36m_astro/c4Diagram-YG6GDRKO.D3r-6qXS.js                                      [39m[1m[2m 70.18 kB[22m[1m[22m[2m Γöé gzip:  19.71 kB[22m
[2m14:48:47[22m [34m[vite][39m [2mdist/[22m[36m_astro/blockDiagram-VD42YOAC.CpTfewGZ.js                                   [39m[1m[2m 71.86 kB[22m[1m[22m[2m Γöé gzip:  20.53 kB[22m
[2m14:48:47[22m [34m[vite][39m [2mdist/[22m[36m_astro/swiper-react.BpvX2nk4.js                                            [39m[1m[2m 74.12 kB[22m[1m[22m[2m Γöé gzip:  22.88 kB[22m
[2m14:48:47[22m [34m[vite][39m [2mdist/[22m[36m_astro/cose-bilkent-S5V4N54A.CqYhHNED.js                                   [39m[1m[2m 81.75 kB[22m[1m[22m[2m Γöé gzip:  22.50 kB[22m
[2m14:48:47[22m [34m[vite][39m [2mdist/[22m[36m_astro/sequenceDiagram-WL72ISMW.AtkO2ig0.js                                [39m[1m[2m 97.86 kB[22m[1m[22m[2m Γöé gzip:  26.89 kB[22m
[2m14:48:47[22m [34m[vite][39m [2mdist/[22m[36m_astro/index.CQBBb6ol.js                                                   [39m[1m[2m134.65 kB[22m[1m[22m[2m Γöé gzip:  43.22 kB[22m
[2m14:48:47[22m [34m[vite][39m [2mdist/[22m[36m_astro/architectureDiagram-VXUJARFQ.CHnkZuHp.js                            [39m[1m[2m148.68 kB[22m[1m[22m[2m Γöé gzip:  42.08 kB[22m
[2m14:48:47[22m [34m[vite][39m [2mdist/[22m[36m_astro/katex.qrhCpa0F.js                                                   [39m[1m[2m265.37 kB[22m[1m[22m[2m Γöé gzip:  77.48 kB[22m
[2m14:48:47[22m [34m[vite][39m [2mdist/[22m[36m_astro/cytoscape.esm.DtBltrT8.js                                           [39m[1m[2m442.41 kB[22m[1m[22m[2m Γöé gzip: 141.91 kB[22m
[2m14:48:47[22m [34m[vite][39m [2mdist/[22m[36m_astro/treemap-GDKQZRPO.Xc1p2qpz.js                                        [39m[1m[2m452.67 kB[22m[1m[22m[2m Γöé gzip: 107.07 kB[22m
[2m14:48:47[22m [34m[vite][39m [2mdist/[22m[36m_astro/BaseLayout.astro_astro_type_script_index_0_lang.CT7RHN1n.js         [39m[1m[2m493.84 kB[22m[1m[22m[2m Γöé gzip: 139.18 kB[22m
[2m14:48:47[22m [34m[vite][39m [32mΓ£ô built in 52.10s[39m
Cannot find module 'C:\Users\dakoenig\Documents\dev\private\frickeldave.github.io.kubernetes\dist\renderers.mjs' 
imported from 
C:\Users\dakoenig\Documents\dev\private\frickeldave.github.io.kubernetes\node_modules\astro\dist\core\build\generate.js
  [1mStack trace:[22m
[2m    at finalizeResolution (node:internal/modules/esm/resolve:275:11)
    at defaultResolve (node:internal/modules/esm/resolve:992:11)
    at #resolveAndMaybeBlockOnLoaderThread (node:internal/modules/esm/loader:736:38)
    at #resolve (node:internal/modules/esm/loader:701:17)
    at onImport.tracePromise.__proto__ (node:internal/modules/esm/loader:650:32)[22m
